// Jest Snapshot v1, https://goo.gl/fbAQLP

exports[`should render dog details 1`] = `
<div>
  <div
    class="dog-deets"
  >
    <div
      class="dog-details"
    >
      <h1>
        Amely
      </h1>
      <img
        src="https://placedog.net/500?id=12"
      />
      <p>
         
        Amely
         is a(n) 
        0
         year old 
        Rottweiler
      </p>
      <p>
         
        Highly energetic - loves long walks and tug of war. Expect he'll grow to be a lot bigger than a teacup.
      </p>
    </div>
  </div>
</div>
`;
